0 verbose cli C:\Program Files\nodejs\node.exe C:\Program Files\nodejs\node_modules\npm\bin\npm-cli.js
1 info using npm@11.13.0
2 info using node@v24.16.0
3 silly config load:file:C:\Program Files\nodejs\node_modules\npm\npmrc
4 silly config load:file:D:\GitHub\GameNode\web\.npmrc
5 silly config load:file:C:\Users\ahlhelmn\.npmrc
6 silly config load:file:C:\Users\ahlhelmn\AppData\Roaming\npm\etc\npmrc
7 verbose title npm ci
8 verbose argv "ci" "--cache" "..\\.npm-cache"
9 verbose logfile logs-max:10 dir:D:\GitHub\GameNode\.npm-cache\_logs\2026-08-11T13_34_48_958Z-
10 verbose logfile D:\GitHub\GameNode\.npm-cache\_logs\2026-08-11T13_34_48_958Z-debug-0.log
11 silly logfile done cleaning log files
12 silly packumentCache heap:4496293888 maxSize:1124073472 maxEntrySize:562036736
13 silly packumentCache heap:4496293888 maxSize:1124073472 maxEntrySize:562036736
14 silly idealTree buildDeps
15 silly reify moves {}
16 silly audit bulk request {
16 silly audit   '@monaco-editor/loader': [ '1.7.0' ],
16 silly audit   '@monaco-editor/react': [ '4.7.0' ],
16 silly audit   '@oxc-project/types': [ '0.143.0' ],
16 silly audit   '@rolldown/binding-android-arm64': [ '1.2.3' ],
16 silly audit   '@rolldown/binding-darwin-arm64': [ '1.2.3' ],
16 silly audit   '@rolldown/binding-darwin-x64': [ '1.2.3' ],
16 silly audit   '@rolldown/binding-freebsd-x64': [ '1.2.3' ],
16 silly audit   '@rolldown/binding-linux-arm-gnueabihf': [ '1.2.3' ],
16 silly audit   '@rolldown/binding-linux-arm64-gnu': [ '1.2.3' ],
16 silly audit   '@rolldown/binding-linux-arm64-musl': [ '1.2.3' ],
16 silly audit   '@rolldown/binding-linux-ppc64-gnu': [ '1.2.3' ],
16 silly audit   '@rolldown/binding-linux-s390x-gnu': [ '1.2.3' ],
16 silly audit   '@rolldown/binding-linux-x64-gnu': [ '1.2.3' ],
16 silly audit   '@rolldown/binding-linux-x64-musl': [ '1.2.3' ],
16 silly audit   '@rolldown/binding-openharmony-arm64': [ '1.2.3' ],
16 silly audit   '@rolldown/binding-win32-arm64-msvc': [ '1.2.3' ],
16 silly audit   '@rolldown/binding-win32-x64-msvc': [ '1.2.3' ],
16 silly audit   '@rolldown/pluginutils': [ '1.0.1' ],
16 silly audit   '@types/react': [ '19.2.18' ],
16 silly audit   '@types/react-dom': [ '19.2.4' ],
16 silly audit   '@types/trusted-types': [ '2.0.7' ],
16 silly audit   '@typescript/typescript-aix-ppc64': [ '7.0.2' ],
16 silly audit   '@typescript/typescript-darwin-arm64': [ '7.0.2' ],
16 silly audit   '@typescript/typescript-darwin-x64': [ '7.0.2' ],
16 silly audit   '@typescript/typescript-freebsd-arm64': [ '7.0.2' ],
16 silly audit   '@typescript/typescript-freebsd-x64': [ '7.0.2' ],
16 silly audit   '@typescript/typescript-linux-arm': [ '7.0.2' ],
16 silly audit   '@typescript/typescript-linux-arm64': [ '7.0.2' ],
16 silly audit   '@typescript/typescript-linux-loong64': [ '7.0.2' ],
16 silly audit   '@typescript/typescript-linux-mips64el': [ '7.0.2' ],
16 silly audit   '@typescript/typescript-linux-ppc64': [ '7.0.2' ],
16 silly audit   '@typescript/typescript-linux-riscv64': [ '7.0.2' ],
16 silly audit   '@typescript/typescript-linux-s390x': [ '7.0.2' ],
16 silly audit   '@typescript/typescript-linux-x64': [ '7.0.2' ],
16 silly audit   '@typescript/typescript-netbsd-arm64': [ '7.0.2' ],
16 silly audit   '@typescript/typescript-netbsd-x64': [ '7.0.2' ],
16 silly audit   '@typescript/typescript-openbsd-arm64': [ '7.0.2' ],
16 silly audit   '@typescript/typescript-openbsd-x64': [ '7.0.2' ],
16 silly audit   '@typescript/typescript-sunos-x64': [ '7.0.2' ],
16 silly audit   '@typescript/typescript-win32-arm64': [ '7.0.2' ],
16 silly audit   '@typescript/typescript-win32-x64': [ '7.0.2' ],
16 silly audit   '@vitejs/plugin-react': [ '6.0.5' ],
16 silly audit   csstype: [ '3.2.3' ],
16 silly audit   'detect-libc': [ '2.1.2' ],
16 silly audit   dompurify: [ '3.4.8' ],
16 silly audit   fdir: [ '6.5.0' ],
16 silly audit   fsevents: [ '2.3.3' ],
16 silly audit   lightningcss: [ '1.33.0' ],
16 silly audit   'lightningcss-android-arm64': [ '1.33.0' ],
16 silly audit   'lightningcss-darwin-arm64': [ '1.33.0' ],
16 silly audit   'lightningcss-darwin-x64': [ '1.33.0' ],
16 silly audit   'lightningcss-freebsd-x64': [ '1.33.0' ],
16 silly audit   'lightningcss-linux-arm-gnueabihf': [ '1.33.0' ],
16 silly audit   'lightningcss-linux-arm64-gnu': [ '1.33.0' ],
16 silly audit   'lightningcss-linux-arm64-musl': [ '1.33.0' ],
16 silly audit   'lightningcss-linux-x64-gnu': [ '1.33.0' ],
16 silly audit   'lightningcss-linux-x64-musl': [ '1.33.0' ],
16 silly audit   'lightningcss-win32-arm64-msvc': [ '1.33.0' ],
16 silly audit   'lightningcss-win32-x64-msvc': [ '1.33.0' ],
16 silly audit   marked: [ '14.0.0' ],
16 silly audit   'monaco-editor': [ '0.56.0' ],
16 silly audit   nanoid: [ '3.3.18' ],
16 silly audit   picocolors: [ '1.1.1' ],
16 silly audit   picomatch: [ '4.0.5' ],
16 silly audit   postcss: [ '8.5.26' ],
16 silly audit   react: [ '19.2.8' ],
16 silly audit   'react-dom': [ '19.2.8' ],
16 silly audit   rolldown: [ '1.2.3' ],
16 silly audit   scheduler: [ '0.27.0' ],
16 silly audit   'source-map-js': [ '1.2.1' ],
16 silly audit   'state-local': [ '1.0.7' ],
16 silly audit   tinyglobby: [ '0.2.17' ],
16 silly audit   typescript: [ '7.0.2' ],
16 silly audit   vite: [ '8.2.1' ]
16 silly audit }
17 http cache tinyglobby@https://registry.npmjs.org/tinyglobby/-/tinyglobby-0.2.17.tgz 0ms (cache hit)
18 http cache vite@https://registry.npmjs.org/vite/-/vite-8.2.1.tgz 0ms (cache hit)
19 http cache typescript@https://registry.npmjs.org/typescript/-/typescript-7.0.2.tgz 0ms (cache hit)
20 http cache state-local@https://registry.npmjs.org/state-local/-/state-local-1.0.7.tgz 0ms (cache hit)
21 http cache source-map-js@https://registry.npmjs.org/source-map-js/-/source-map-js-1.2.1.tgz 0ms (cache hit)
22 http cache rolldown@https://registry.npmjs.org/rolldown/-/rolldown-1.2.3.tgz 0ms (cache hit)
23 http cache scheduler@https://registry.npmjs.org/scheduler/-/scheduler-0.27.0.tgz 0ms (cache hit)
24 http cache react-dom@https://registry.npmjs.org/react-dom/-/react-dom-19.2.8.tgz 0ms (cache hit)
25 http cache react@https://registry.npmjs.org/react/-/react-19.2.8.tgz 0ms (cache hit)
26 http cache postcss@https://registry.npmjs.org/postcss/-/postcss-8.5.26.tgz 0ms (cache hit)
27 http cache picomatch@https://registry.npmjs.org/picomatch/-/picomatch-4.0.5.tgz 0ms (cache hit)
28 http cache nanoid@https://registry.npmjs.org/nanoid/-/nanoid-3.3.18.tgz 0ms (cache hit)
29 http cache picocolors@https://registry.npmjs.org/picocolors/-/picocolors-1.1.1.tgz 0ms (cache hit)
30 http cache monaco-editor@https://registry.npmjs.org/monaco-editor/-/monaco-editor-0.56.0.tgz 0ms (cache hit)
31 http cache marked@https://registry.npmjs.org/marked/-/marked-14.0.0.tgz 0ms (cache hit)
32 http cache lightningcss@https://registry.npmjs.org/lightningcss/-/lightningcss-1.33.0.tgz 0ms (cache hit)
33 http cache lightningcss-win32-arm64-msvc@https://registry.npmjs.org/lightningcss-win32-arm64-msvc/-/lightningcss-win32-arm64-msvc-1.33.0.tgz 0ms (cache hit)
34 http cache fdir@https://registry.npmjs.org/fdir/-/fdir-6.5.0.tgz 0ms (cache hit)
35 http cache dompurify@https://registry.npmjs.org/dompurify/-/dompurify-3.4.8.tgz 0ms (cache hit)
36 http cache detect-libc@https://registry.npmjs.org/detect-libc/-/detect-libc-2.1.2.tgz 0ms (cache hit)
37 http cache csstype@https://registry.npmjs.org/csstype/-/csstype-3.2.3.tgz 0ms (cache hit)
38 http cache @vitejs/plugin-react@https://registry.npmjs.org/@vitejs/plugin-react/-/plugin-react-6.0.5.tgz 0ms (cache hit)
39 http cache @types/trusted-types@https://registry.npmjs.org/@types/trusted-types/-/trusted-types-2.0.7.tgz 0ms (cache hit)
40 http cache @typescript/typescript-win32-arm64@https://registry.npmjs.org/@typescript/typescript-win32-arm64/-/typescript-win32-arm64-7.0.2.tgz 0ms (cache hit)
41 http cache @rolldown/pluginutils@https://registry.npmjs.org/@rolldown/pluginutils/-/pluginutils-1.0.1.tgz 0ms (cache hit)
42 http cache @types/react@https://registry.npmjs.org/@types/react/-/react-19.2.18.tgz 0ms (cache hit)
43 http cache @types/react-dom@https://registry.npmjs.org/@types/react-dom/-/react-dom-19.2.4.tgz 0ms (cache hit)
44 http cache @oxc-project/types@https://registry.npmjs.org/@oxc-project/types/-/types-0.143.0.tgz 0ms (cache hit)
45 http cache @monaco-editor/react@https://registry.npmjs.org/@monaco-editor/react/-/react-4.7.0.tgz 0ms (cache hit)
46 http cache @monaco-editor/loader@https://registry.npmjs.org/@monaco-editor/loader/-/loader-1.7.0.tgz 0ms (cache hit)
47 http cache @rolldown/binding-win32-arm64-msvc@https://registry.npmjs.org/@rolldown/binding-win32-arm64-msvc/-/binding-win32-arm64-msvc-1.2.3.tgz 0ms (cache hit)
48 silly tarball no local data for tinyglobby@https://registry.npmjs.org/tinyglobby/-/tinyglobby-0.2.17.tgz. Extracting by manifest.
49 silly tarball no local data for vite@https://registry.npmjs.org/vite/-/vite-8.2.1.tgz. Extracting by manifest.
50 silly tarball no local data for typescript@https://registry.npmjs.org/typescript/-/typescript-7.0.2.tgz. Extracting by manifest.
51 silly tarball no local data for state-local@https://registry.npmjs.org/state-local/-/state-local-1.0.7.tgz. Extracting by manifest.
52 silly tarball no local data for source-map-js@https://registry.npmjs.org/source-map-js/-/source-map-js-1.2.1.tgz. Extracting by manifest.
53 silly tarball no local data for rolldown@https://registry.npmjs.org/rolldown/-/rolldown-1.2.3.tgz. Extracting by manifest.
54 silly tarball no local data for scheduler@https://registry.npmjs.org/scheduler/-/scheduler-0.27.0.tgz. Extracting by manifest.
55 silly tarball no local data for react-dom@https://registry.npmjs.org/react-dom/-/react-dom-19.2.8.tgz. Extracting by manifest.
56 silly tarball no local data for react@https://registry.npmjs.org/react/-/react-19.2.8.tgz. Extracting by manifest.
57 silly tarball no local data for postcss@https://registry.npmjs.org/postcss/-/postcss-8.5.26.tgz. Extracting by manifest.
58 silly tarball no local data for nanoid@https://registry.npmjs.org/nanoid/-/nanoid-3.3.18.tgz. Extracting by manifest.
59 silly tarball no local data for picomatch@https://registry.npmjs.org/picomatch/-/picomatch-4.0.5.tgz. Extracting by manifest.
60 silly tarball no local data for picocolors@https://registry.npmjs.org/picocolors/-/picocolors-1.1.1.tgz. Extracting by manifest.
61 silly tarball no local data for monaco-editor@https://registry.npmjs.org/monaco-editor/-/monaco-editor-0.56.0.tgz. Extracting by manifest.
62 silly tarball no local data for marked@https://registry.npmjs.org/marked/-/marked-14.0.0.tgz. Extracting by manifest.
63 silly tarball no local data for lightningcss@https://registry.npmjs.org/lightningcss/-/lightningcss-1.33.0.tgz. Extracting by manifest.
64 silly tarball no local data for lightningcss-win32-arm64-msvc@https://registry.npmjs.org/lightningcss-win32-arm64-msvc/-/lightningcss-win32-arm64-msvc-1.33.0.tgz. Extracting by manifest.
65 silly tarball no local data for fdir@https://registry.npmjs.org/fdir/-/fdir-6.5.0.tgz. Extracting by manifest.
66 silly tarball no local data for dompurify@https://registry.npmjs.org/dompurify/-/dompurify-3.4.8.tgz. Extracting by manifest.
67 silly tarball no local data for detect-libc@https://registry.npmjs.org/detect-libc/-/detect-libc-2.1.2.tgz. Extracting by manifest.
68 silly tarball no local data for csstype@https://registry.npmjs.org/csstype/-/csstype-3.2.3.tgz. Extracting by manifest.
69 silly tarball no local data for @vitejs/plugin-react@https://registry.npmjs.org/@vitejs/plugin-react/-/plugin-react-6.0.5.tgz. Extracting by manifest.
70 silly tarball no local data for @types/trusted-types@https://registry.npmjs.org/@types/trusted-types/-/trusted-types-2.0.7.tgz. Extracting by manifest.
71 silly tarball no local data for @typescript/typescript-win32-arm64@https://registry.npmjs.org/@typescript/typescript-win32-arm64/-/typescript-win32-arm64-7.0.2.tgz. Extracting by manifest.
72 silly tarball no local data for @rolldown/pluginutils@https://registry.npmjs.org/@rolldown/pluginutils/-/pluginutils-1.0.1.tgz. Extracting by manifest.
73 silly tarball no local data for @types/react@https://registry.npmjs.org/@types/react/-/react-19.2.18.tgz. Extracting by manifest.
74 silly tarball no local data for @types/react-dom@https://registry.npmjs.org/@types/react-dom/-/react-dom-19.2.4.tgz. Extracting by manifest.
75 silly tarball no local data for @oxc-project/types@https://registry.npmjs.org/@oxc-project/types/-/types-0.143.0.tgz. Extracting by manifest.
76 silly tarball no local data for @monaco-editor/react@https://registry.npmjs.org/@monaco-editor/react/-/react-4.7.0.tgz. Extracting by manifest.
77 silly tarball no local data for @monaco-editor/loader@https://registry.npmjs.org/@monaco-editor/loader/-/loader-1.7.0.tgz. Extracting by manifest.
78 silly tarball no local data for @rolldown/binding-win32-arm64-msvc@https://registry.npmjs.org/@rolldown/binding-win32-arm64-msvc/-/binding-win32-arm64-msvc-1.2.3.tgz. Extracting by manifest.
79 verbose audit error FetchError: request to https://registry.npmjs.org/-/npm/v1/security/advisories/bulk failed, reason: 
79 verbose audit error     at ClientRequest.<anonymous> (C:\Program Files\nodejs\node_modules\npm\node_modules\minipass-fetch\lib\index.js:130:14)
79 verbose audit error     at ClientRequest.emit (node:events:509:28)
79 verbose audit error     at emitErrorEvent (node:_http_client:109:11)
79 verbose audit error     at _destroy (node:_http_client:993:9)
79 verbose audit error     at onSocketNT (node:_http_client:1014:5)
79 verbose audit error     at process.processTicksAndRejections (node:internal/process/task_queues:91:21) {
79 verbose audit error   code: 'EACCES',
79 verbose audit error   errno: 'EACCES',
79 verbose audit error   type: 'system'
79 verbose audit error }
80 silly audit error undefined
81 silly audit report null
82 http fetch GET https://registry.npmjs.org/tinyglobby/-/tinyglobby-0.2.17.tgz attempt 1 failed with EACCES
83 http fetch GET https://registry.npmjs.org/vite/-/vite-8.2.1.tgz attempt 1 failed with EACCES
84 http fetch GET https://registry.npmjs.org/typescript/-/typescript-7.0.2.tgz attempt 1 failed with EACCES
85 http fetch GET https://registry.npmjs.org/state-local/-/state-local-1.0.7.tgz attempt 1 failed with EACCES
86 http fetch GET https://registry.npmjs.org/source-map-js/-/source-map-js-1.2.1.tgz attempt 1 failed with EACCES
87 http fetch GET https://registry.npmjs.org/rolldown/-/rolldown-1.2.3.tgz attempt 1 failed with EACCES
88 http fetch GET https://registry.npmjs.org/scheduler/-/scheduler-0.27.0.tgz attempt 1 failed with EACCES
89 http fetch GET https://registry.npmjs.org/react-dom/-/react-dom-19.2.8.tgz attempt 1 failed with EACCES
90 http fetch GET https://registry.npmjs.org/react/-/react-19.2.8.tgz attempt 1 failed with EACCES
91 http fetch GET https://registry.npmjs.org/postcss/-/postcss-8.5.26.tgz attempt 1 failed with EACCES
92 http fetch GET https://registry.npmjs.org/nanoid/-/nanoid-3.3.18.tgz attempt 1 failed with EACCES
93 http fetch GET https://registry.npmjs.org/picomatch/-/picomatch-4.0.5.tgz attempt 1 failed with EACCES
94 http fetch GET https://registry.npmjs.org/picocolors/-/picocolors-1.1.1.tgz attempt 1 failed with EACCES
95 http fetch GET https://registry.npmjs.org/monaco-editor/-/monaco-editor-0.56.0.tgz attempt 1 failed with EACCES
96 http fetch GET https://registry.npmjs.org/tinyglobby/-/tinyglobby-0.2.17.tgz attempt 2 failed with EACCES
97 http fetch GET https://registry.npmjs.org/vite/-/vite-8.2.1.tgz attempt 2 failed with EACCES
98 http fetch GET https://registry.npmjs.org/typescript/-/typescript-7.0.2.tgz attempt 2 failed with EACCES
99 http fetch GET https://registry.npmjs.org/state-local/-/state-local-1.0.7.tgz attempt 2 failed with EACCES
100 http fetch GET https://registry.npmjs.org/source-map-js/-/source-map-js-1.2.1.tgz attempt 2 failed with EACCES
101 http fetch GET https://registry.npmjs.org/rolldown/-/rolldown-1.2.3.tgz attempt 2 failed with EACCES
102 http fetch GET https://registry.npmjs.org/scheduler/-/scheduler-0.27.0.tgz attempt 2 failed with EACCES
103 http fetch GET https://registry.npmjs.org/react-dom/-/react-dom-19.2.8.tgz attempt 2 failed with EACCES
104 http fetch GET https://registry.npmjs.org/react/-/react-19.2.8.tgz attempt 2 failed with EACCES
105 http fetch GET https://registry.npmjs.org/postcss/-/postcss-8.5.26.tgz attempt 2 failed with EACCES
106 http fetch GET https://registry.npmjs.org/nanoid/-/nanoid-3.3.18.tgz attempt 2 failed with EACCES
107 http fetch GET https://registry.npmjs.org/picomatch/-/picomatch-4.0.5.tgz attempt 2 failed with EACCES
108 http fetch GET https://registry.npmjs.org/picocolors/-/picocolors-1.1.1.tgz attempt 2 failed with EACCES
109 http fetch GET https://registry.npmjs.org/monaco-editor/-/monaco-editor-0.56.0.tgz attempt 2 failed with EACCES
110 http fetch GET https://registry.npmjs.org/tinyglobby/-/tinyglobby-0.2.17.tgz attempt 3 failed with EACCES
111 http fetch GET https://registry.npmjs.org/vite/-/vite-8.2.1.tgz attempt 3 failed with EACCES
112 http fetch GET https://registry.npmjs.org/typescript/-/typescript-7.0.2.tgz attempt 3 failed with EACCES
113 http fetch GET https://registry.npmjs.org/state-local/-/state-local-1.0.7.tgz attempt 3 failed with EACCES
114 http fetch GET https://registry.npmjs.org/source-map-js/-/source-map-js-1.2.1.tgz attempt 3 failed with EACCES
115 http fetch GET https://registry.npmjs.org/rolldown/-/rolldown-1.2.3.tgz attempt 3 failed with EACCES
116 http fetch GET https://registry.npmjs.org/scheduler/-/scheduler-0.27.0.tgz attempt 3 failed with EACCES
117 http fetch GET https://registry.npmjs.org/react-dom/-/react-dom-19.2.8.tgz attempt 3 failed with EACCES
118 http fetch GET https://registry.npmjs.org/react/-/react-19.2.8.tgz attempt 3 failed with EACCES
119 http fetch GET https://registry.npmjs.org/postcss/-/postcss-8.5.26.tgz attempt 3 failed with EACCES
120 http fetch GET https://registry.npmjs.org/nanoid/-/nanoid-3.3.18.tgz attempt 3 failed with EACCES
121 http fetch GET https://registry.npmjs.org/picomatch/-/picomatch-4.0.5.tgz attempt 3 failed with EACCES
122 http fetch GET https://registry.npmjs.org/picocolors/-/picocolors-1.1.1.tgz attempt 3 failed with EACCES
123 http fetch GET https://registry.npmjs.org/monaco-editor/-/monaco-editor-0.56.0.tgz attempt 3 failed with EACCES
124 verbose cwd D:\GitHub\GameNode\web
125 verbose os Windows_NT 10.0.26200
126 verbose node v24.16.0
127 verbose npm  v11.13.0
128 error Exit handler never called!
129 error This is an error with npm itself. Please report this error at:
130 error   <https://github.com/npm/cli/issues>
131 verbose exit 1
132 verbose code 1
133 error A complete log of this run can be found in: D:\GitHub\GameNode\.npm-cache\_logs\2026-08-11T13_34_48_958Z-debug-0.log
